// Jest Snapshot v1, https://goo.gl/fbAQLP

exports[`ShapeSelectForm component should match snapshot 1`] = `
<form
  onSubmit={[Function]}
>
  <label
    className="text"
  >
    Please select your shape
  </label>
  <div
    className="Shape-select"
  >
    <select
      onChange={[Function]}
      value={0}
    >
      <option
        value={0}
      >
        Rock
      </option>
      <option
        value={1}
      >
        Paper
      </option>
      <option
        value={2}
      >
        Scissors
      </option>
    </select>
  </div>
  <input
    type="submit"
    value="Submit"
  />
</form>
`;
